
> ecommerce@0.1.0 build
> next build

node.exe : ΓÜá 
Warning: Next.js 
inferred your 
workspace root, but it 
may not be correct.
At line:1 char:1
+ & "C:\Program 
Files\nodejs/node.exe" 
"C:\Program 
Files\nodejs/node_mo 
...
+ ~~~~~~~~~~~~~~~~~~~~~
~~~~~~~~~~~~~~~~~~~~~~~
~~~~~~~~~~~~~~~~~~~~~~~
~~
    + CategoryInfo     
         : NotSpecifi  
  ed: (ΓÜá Warning:    
 Ne...not be correc    
t.:String) [], Rem    
oteException
    + FullyQualifiedEr 
   rorId : NativeComm  
  andError
 
 We detected multiple 
lockfiles and selected 
the directory of C:\Use
rs\Yugansh\Desktop\E_CO
MMERCE_WEBSITE-mainn\pa
ckage-lock.json as the 
root directory.
 To silence this 
warning, set 
`turbopack.root` in 
your Next.js config, 
or consider removing 
one of the lockfiles 
if it's not needed.
   See https://nextjs.o
rg/docs/app/api-referen
ce/config/next-config-j
s/turbopack#root-direct
ory for more 
information.
 Detected additional 
lockfiles: 
   * C:\Users\Yugansh\D
esktop\E_COMMERCE_WEBSI
TE-mainn\E_COMMERCE_WEB
SITE-main\package-lock.
json

Γû▓ Next.js 16.1.7 (Turbopack)

  Creating an optimized production build ...
Γ£ô Compiled successfully in 1494.6ms
  Running TypeScript ...
  Collecting page data using 15 workers ...
  Generating static pages using 15 workers (0/9) ...
  Generating static pages using 15 workers (2/9) 
Error occurred 
prerendering page 
"/_not-found". Read 
more: https://nextjs.or
g/docs/messages/prerend
er-error
Error: useCart must be 
used within 
CartProvider
    at g (C:\Users\Yuga
nsh\Desktop\E_COMMERCE_
WEBSITE-mainn\E_COMMERC
E_WEBSITE-main\.next\se
rver\chunks\ssr\[root-o
f-the-server]__a48cfc01
._.js:1:5400)
    at h (C:\Users\Yuga
nsh\Desktop\E_COMMERCE_
WEBSITE-mainn\E_COMMERC
E_WEBSITE-main\.next\se
rver\chunks\ssr\[root-o
f-the-server]__a48cfc01
._.js:1:5547) {
  digest: '3592076144'
}
Export encountered an 
error on 
/_not-found/page: 
/_not-found, exiting 
the build.
Γ¿» Next.js build 
worker exited with 
code: 1 and signal: 
null
